[{"title":"Konkurs Sudoku","content":" \nKonkurs Sudoku dla klas pierwszych technikum odbędzie się 28.09.2021 (wtorek) na czwartej godzinie lekcyjnej (godz. 10:30 - 11:15) w sali 52.\nSerdecznie zapraszamy zgłoszone osoby.","html":"<p style=\"text-align: left;\">&nbsp;</p>\n<p style=\"text-align: left;\"><strong>Konkurs Sudoku</strong> dla klas pierwszych technikum odbędzie się <strong>28.09.2021</strong> (wtorek) na czwartej godzinie lekcyjnej (godz. <strong>10:30 - 11:15</strong>) w sali <strong>52</strong>.</p>\n<p>Serdecznie zapraszamy zgłoszone osoby.<img alt=\"Smile\" border=\"0\" src=\"tinymce/plugins/emotions/img/smiley-smile.gif\" title=\"Smile\"></p>","image":"https://konhi.me/zseis/img/Konkurs%20Sudoku.jpg","dateModified":"Ostatnio zmodyfikowany: 2021-09-16 08:56:13"},{"title":"Odznaczenia dla naszych nauczycieli","content":"14 września 2021, na uroczystej Gali PCK, opiekunki szkolnego koła\" Elektronik\" - Pani Grażyna Strzelecka i Pani Beata Gądek zostały uhonorowane przez Wojewodę Lubuskiego W. Dajczaka odznaczeniami  II i III stopnia Kapituły Honorowej PCK za prace na rzecz Honorowego  Krwiodawstwa, działalność wolontariacką oraz szerzenie idei Polskiego  Czerwonego Krzyża w naszej szkole.\nKochani, bez Was by się to nie udało!Dziękujemy wszystkim uczniom, którzy włączają się do naszych działań. Zawsze można na Was liczyć.","html":"<p>14 września 2021, na uroczystej Gali PCK, opiekunki szkolnego koła\" Elektronik\" - Pani <strong>Grażyna Strzelecka</strong> i Pani <strong>Beata Gądek </strong>zostały uhonorowane przez Wojewodę Lubuskiego W. Dajczaka odznaczeniami  II i III stopnia Kapituły Honorowej PCK za prace na rzecz Honorowego  Krwiodawstwa, działalność wolontariacką oraz szerzenie idei Polskiego  Czerwonego Krzyża w naszej szkole.</p>\n<p><strong>Kochani, bez Was by się to nie udało!<br>Dziękujemy wszystkim uczniom, którzy włączają się do naszych działań. <br>Zawsze można na Was liczyć.<img alt=\"Smile\" border=\"0\" src=\"tinymce/plugins/emotions/img/smiley-smile.gif\" title=\"Smile\"></strong></p>","image":"https://konhi.me/zseis/img/Odznaczenia%20%20PCK.jpg","dateModified":"Ostatnio zmodyfikowany: 2021-09-14 19:41:16"},{"title":"Konkurs ","content":"\nZapraszam do udziału w konkursie pn. \"Moja szkoła-mój zawód\" w ramach projektu \"Modernizacja kształcenia zawodowego w mieście Zielona Góra\".\nNa uczniów, którzy są chętni do przygotowania prezentacji multimedialnej nt. CKZiU nr 2 Elektronik oraz swojego kierunku nauczania czekam w sali nr 39a do 28.09.2021 r.\nDoradca zawodowy","html":"<p><img alt=\"\" height=\"42\" src=\"img/buek.jpg\" width=\"300\"></p>\n<p>Zapraszam do udziału w konkursie pn. <strong>\"Moja szkoła-mój zawód\"</strong> w ramach projektu <em>\"Modernizacja kształcenia zawodowego w mieście Zielona Góra\"</em>.</p>\n<p>Na uczniów, którzy są chętni do przygotowania prezentacji multimedialnej nt. CKZiU nr 2 Elektronik oraz swojego kierunku nauczania czekam w sali nr 39a do 28.09.2021 r.</p>\n<p><em>Doradca zawodowy</em></p>","image":"https://konhi.me/zseis/gfx/logo_zseis.gif","dateModified":"Ostatnio zmodyfikowany: 2021-09-10 07:18:23"},{"title":"KIERMASZ PODRĘCZNIKÓW","content":"KIERMASZ PODRĘCZNIKÓW odbędzie się w świetlicy od 6-10 września przed lekcjami od godziny 7:00 - 8:00. Do końca tygodnia kiermasz będzie się odbywał również na długiej przerwie: 11:15 - 11:30.\nUczniowie drugich i starszych klas proszeni są o przygotowanie książek do sprzedaży.","html":"<p>KIERMASZ PODRĘCZNIKÓW odbędzie się w <strong>świetlicy od 6-10 września</strong> przed lekcjami od godziny 7:00 - 8:00. Do końca tygodnia kiermasz będzie się odbywał również na długiej przerwie:<strong> 11:15 - 11:30.</strong></p>\n<p>Uczniowie drugich i starszych klas proszeni są o przygotowanie książek do sprzedaży.</p>","image":"https://konhi.me/zseis/gfx/logo_zseis.gif","dateModified":"Ostatnio zmodyfikowany: 2021-09-07 10:02:47"}]